Hive timings written to /tmp/orc-bench-hive-oSPxle.csv
Ingest into HDFS reports:
  hdfs dfs -mkdir -p hdfs:///orc_test/layouts/best_orc/reports/raw/benchmark_hive_h0
  hdfs dfs -put -f /tmp/orc-bench-hive-oSPxle.csv hdfs:///orc_test/layouts/best_orc/reports/raw/benchmark_hive_h0/hive_results.csv
  /home/portos/orc_bench/scripts/hive/ingest-hive-csv.sh hdfs:///orc_test/layouts/best_orc/reports/raw/benchmark_hive_h0/hive_results.csv hdfs:///orc_test/layouts/best_orc/reports/raw/benchmark_hive_h0
Setting default log level to "WARN".
To adjust logging level use sc.setLogLevel(newLevel). For SparkR, use setLogLevel(newLevel).
26/10/01 11:03:14 WARN Client: Exception encountered while connecting to the server
org.apache.hadoop.ipc.RemoteException(org.apache.hadoop.ipc.StandbyException): Operation category READ is not supported in state standby. Visit https://s.apache.org/sbnn-error
        at org.apache.hadoop.security.SaslRpcClient.saslConnect(SaslRpcClient.java:376)
        at org.apache.hadoop.ipc.Client$Connection.setupSaslConnection(Client.java:623)
        at org.apache.hadoop.ipc.Client$Connection.access$2300(Client.java:414)
        at org.apache.hadoop.ipc.Client$Connection$2.run(Client.java:832)
        at org.apache.hadoop.ipc.Client$Connection$2.run(Client.java:828)
        at java.security.AccessController.doPrivileged(Native Method)
        at javax.security.auth.Subject.doAs(Subject.java:422)
        at org.apache.hadoop.security.UserGroupInformation.doAs(UserGroupInformation.java:1878)
        at org.apache.hadoop.ipc.Client$Connection.setupIOstreams(Client.java:828)
        at org.apache.hadoop.ipc.Client$Connection.access$3800(Client.java:414)
        at org.apache.hadoop.ipc.Client.getConnection(Client.java:1647)
        at org.apache.hadoop.ipc.Client.call(Client.java:1463)
        at org.apache.hadoop.ipc.Client.call(Client.java:1416)
        at org.apache.hadoop.ipc.ProtobufRpcEngine2$Invoker.invoke(ProtobufRpcEngine2.java:242)
        at org.apache.hadoop.ipc.ProtobufRpcEngine2$Invoker.invoke(ProtobufRpcEngine2.java:129)
        at com.sun.proxy.$Proxy16.mkdirs(Unknown Source)
        at org.apache.hadoop.hdfs.protocolPB.ClientNamenodeProtocolTranslatorPB.mkdirs(ClientNamenodeProtocolTranslatorPB.java:674)
        at sun.reflect.NativeMethodAccessorImpl.invoke0(Native Method)
        at sun.reflect.NativeMethodAccessorImpl.invoke(NativeMethodAccessorImpl.java:62)
        at sun.reflect.DelegatingMethodAccessorImpl.invoke(DelegatingMethodAccessorImpl.java:43)
        at java.lang.reflect.Method.invoke(Method.java:498)
        at org.apache.hadoop.io.retry.RetryInvocationHandler.invokeMethod(RetryInvocationHandler.java:422)
        at org.apache.hadoop.io.retry.RetryInvocationHandler$Call.invokeMethod(RetryInvocationHandler.java:165)
        at org.apache.hadoop.io.retry.RetryInvocationHandler$Call.invoke(RetryInvocationHandler.java:157)
        at org.apache.hadoop.io.retry.RetryInvocationHandler$Call.invokeOnce(RetryInvocationHandler.java:95)
        at org.apache.hadoop.io.retry.RetryInvocationHandler.invoke(RetryInvocationHandler.java:359)
        at com.sun.proxy.$Proxy17.mkdirs(Unknown Source)
        at org.apache.hadoop.hdfs.DFSClient.primitiveMkdir(DFSClient.java:2499)
        at org.apache.hadoop.hdfs.DFSClient.mkdirs(DFSClient.java:2475)
        at org.apache.hadoop.hdfs.DistributedFileSystem$27.doCall(DistributedFileSystem.java:1484)
        at org.apache.hadoop.hdfs.DistributedFileSystem$27.doCall(DistributedFileSystem.java:1481)
        at org.apache.hadoop.fs.FileSystemLinkResolver.resolve(FileSystemLinkResolver.java:81)
        at org.apache.hadoop.hdfs.DistributedFileSystem.mkdirsInternal(DistributedFileSystem.java:1498)
        at org.apache.hadoop.hdfs.DistributedFileSystem.mkdirs(DistributedFileSystem.java:1473)
        at org.apache.hadoop.fs.FileSystem.mkdirs(FileSystem.java:2388)
        at org.apache.hadoop.fs.FileSystem.mkdirs(FileSystem.java:750)
        at org.apache.spark.deploy.yarn.Client.prepareLocalResources(Client.scala:459)
        at org.apache.spark.deploy.yarn.Client.createContainerLaunchContext(Client.scala:934)
        at org.apache.spark.deploy.yarn.Client.submitApplication(Client.scala:208)
        at org.apache.spark.scheduler.cluster.YarnClientSchedulerBackend.start(YarnClientSchedulerBackend.scala:62)
        at org.apache.spark.scheduler.TaskSchedulerImpl.start(TaskSchedulerImpl.scala:220)
        at org.apache.spark.SparkContext.<init>(SparkContext.scala:581)
        at org.apache.spark.SparkContext$.getOrCreate(SparkContext.scala:2690)
        at org.apache.spark.sql.SparkSession$Builder.$anonfun$getOrCreate$2(SparkSession.scala:949)
        at scala.Option.getOrElse(Option.scala:189)
        at org.apache.spark.sql.SparkSession$Builder.getOrCreate(SparkSession.scala:943)
        at org.apache.spark.repl.Main$.createSparkSession(Main.scala:106)
        at $line3.$read$$iw$$iw.<init>(<console>:15)
        at $line3.$read$$iw.<init>(<console>:42)
        at $line3.$read.<init>(<console>:44)
        at $line3.$read$.<init>(<console>:48)
        at $line3.$read$.<clinit>(<console>)
        at $line3.$eval$.$print$lzycompute(<console>:7)
        at $line3.$eval$.$print(<console>:6)
        at $line3.$eval.$print(<console>)
        at sun.reflect.NativeMethodAccessorImpl.invoke0(Native Method)
        at sun.reflect.NativeMethodAccessorImpl.invoke(NativeMethodAccessorImpl.java:62)
        at sun.reflect.DelegatingMethodAccessorImpl.invoke(DelegatingMethodAccessorImpl.java:43)
        at java.lang.reflect.Method.invoke(Method.java:498)
        at scala.tools.nsc.interpreter.IMain$ReadEvalPrint.call(IMain.scala:747)
        at scala.tools.nsc.interpreter.IMain$Request.loadAndRun(IMain.scala:1020)
        at scala.tools.nsc.interpreter.IMain.$anonfun$interpret$1(IMain.scala:568)
        at scala.reflect.internal.util.ScalaClassLoader.asContext(ScalaClassLoader.scala:36)
        at scala.reflect.internal.util.ScalaClassLoader.asContext$(ScalaClassLoader.scala:116)
        at scala.reflect.internal.util.AbstractFileClassLoader.asContext(AbstractFileClassLoader.scala:41)
        at scala.tools.nsc.interpreter.IMain.loadAndRunReq$1(IMain.scala:567)
        at scala.tools.nsc.interpreter.IMain.interpret(IMain.scala:594)
        at scala.tools.nsc.interpreter.IMain.interpret(IMain.scala:564)
        at scala.tools.nsc.interpreter.IMain.$anonfun$quietRun$1(IMain.scala:216)
        at scala.tools.nsc.interpreter.IMain.beQuietDuring(IMain.scala:206)
        at scala.tools.nsc.interpreter.IMain.quietRun(IMain.scala:216)
        at org.apache.spark.repl.SparkILoop.$anonfun$initializeSpark$2(SparkILoop.scala:83)
        at scala.collection.immutable.List.foreach(List.scala:431)
        at org.apache.spark.repl.SparkILoop.$anonfun$initializeSpark$1(SparkILoop.scala:83)
        at scala.runtime.java8.JFunction0$mcV$sp.apply(JFunction0$mcV$sp.java:23)
        at scala.tools.nsc.interpreter.ILoop.savingReplayStack(ILoop.scala:97)
        at org.apache.spark.repl.SparkILoop.initializeSpark(SparkILoop.scala:83)
        at org.apache.spark.repl.SparkILoop.$anonfun$process$4(SparkILoop.scala:165)
        at scala.runtime.java8.JFunction0$mcV$sp.apply(JFunction0$mcV$sp.java:23)
        at scala.tools.nsc.interpreter.ILoop.$anonfun$mumly$1(ILoop.scala:166)
        at scala.tools.nsc.interpreter.IMain.beQuietDuring(IMain.scala:206)
        at scala.tools.nsc.interpreter.ILoop.mumly(ILoop.scala:163)
        at org.apache.spark.repl.SparkILoop.loopPostInit$1(SparkILoop.scala:153)
        at org.apache.spark.repl.SparkILoop.$anonfun$process$10(SparkILoop.scala:221)
        at org.apache.spark.repl.SparkILoop.withSuppressedSettings$1(SparkILoop.scala:189)
        at org.apache.spark.repl.SparkILoop.startup$1(SparkILoop.scala:201)
        at org.apache.spark.repl.SparkILoop.process(SparkILoop.scala:236)
        at org.apache.spark.repl.Main$.doMain(Main.scala:78)
        at org.apache.spark.repl.Main$.main(Main.scala:58)
        at org.apache.spark.repl.Main.main(Main.scala)
        at sun.reflect.NativeMethodAccessorImpl.invoke0(Native Method)
        at sun.reflect.NativeMethodAccessorImpl.invoke(NativeMethodAccessorImpl.java:62)
        at sun.reflect.DelegatingMethodAccessorImpl.invoke(DelegatingMethodAccessorImpl.java:43)
        at java.lang.reflect.Method.invoke(Method.java:498)
        at org.apache.spark.deploy.JavaMainApplication.start(SparkApplication.scala:52)
        at org.apache.spark.deploy.SparkSubmit.org$apache$spark$deploy$SparkSubmit$$runMain(SparkSubmit.scala:968)
        at org.apache.spark.deploy.SparkSubmit.doRunMain$1(SparkSubmit.scala:180)
        at org.apache.spark.deploy.SparkSubmit.submit(SparkSubmit.scala:203)
        at org.apache.spark.deploy.SparkSubmit.doSubmit(SparkSubmit.scala:90)
        at org.apache.spark.deploy.SparkSubmit$$anon$2.doSubmit(SparkSubmit.scala:1056)
        at org.apache.spark.deploy.SparkSubmit$.main(SparkSubmit.scala:1065)
        at org.apache.spark.deploy.SparkSubmit.main(SparkSubmit.scala)
26/10/01 11:03:14 WARN Client: Neither spark.yarn.jars nor spark.yarn.archive is set, falling back to uploading libraries under SPARK_HOME.
26/10/01 11:03:19 WARN Client: Exception encountered while connecting to the server
org.apache.hadoop.ipc.RemoteException(org.apache.hadoop.ipc.StandbyException): Operation category READ is not supported in state standby. Visit https://s.apache.org/sbnn-error
        at org.apache.hadoop.security.SaslRpcClient.saslConnect(SaslRpcClient.java:376)
        at org.apache.hadoop.ipc.Client$Connection.setupSaslConnection(Client.java:623)
        at org.apache.hadoop.ipc.Client$Connection.access$2300(Client.java:414)
        at org.apache.hadoop.ipc.Client$Connection$2.run(Client.java:832)
        at org.apache.hadoop.ipc.Client$Connection$2.run(Client.java:828)
        at java.security.AccessController.doPrivileged(Native Method)
        at javax.security.auth.Subject.doAs(Subject.java:422)
        at org.apache.hadoop.security.UserGroupInformation.doAs(UserGroupInformation.java:1878)
        at org.apache.hadoop.ipc.Client$Connection.setupIOstreams(Client.java:828)
        at org.apache.hadoop.ipc.Client$Connection.access$3800(Client.java:414)
        at org.apache.hadoop.ipc.Client.getConnection(Client.java:1647)
        at org.apache.hadoop.ipc.Client.call(Client.java:1463)
        at org.apache.hadoop.ipc.Client.call(Client.java:1416)
        at org.apache.hadoop.ipc.ProtobufRpcEngine2$Invoker.invoke(ProtobufRpcEngine2.java:242)
        at org.apache.hadoop.ipc.ProtobufRpcEngine2$Invoker.invoke(ProtobufRpcEngine2.java:129)
        at com.sun.proxy.$Proxy16.getFileInfo(Unknown Source)
        at org.apache.hadoop.hdfs.protocolPB.ClientNamenodeProtocolTranslatorPB.getFileInfo(ClientNamenodeProtocolTranslatorPB.java:965)
        at sun.reflect.NativeMethodAccessorImpl.invoke0(Native Method)
        at sun.reflect.NativeMethodAccessorImpl.invoke(NativeMethodAccessorImpl.java:62)
        at sun.reflect.DelegatingMethodAccessorImpl.invoke(DelegatingMethodAccessorImpl.java:43)
        at java.lang.reflect.Method.invoke(Method.java:498)
        at org.apache.hadoop.io.retry.RetryInvocationHandler.invokeMethod(RetryInvocationHandler.java:422)
        at org.apache.hadoop.io.retry.RetryInvocationHandler$Call.invokeMethod(RetryInvocationHandler.java:165)
        at org.apache.hadoop.io.retry.RetryInvocationHandler$Call.invoke(RetryInvocationHandler.java:157)
        at org.apache.hadoop.io.retry.RetryInvocationHandler$Call.invokeOnce(RetryInvocationHandler.java:95)
        at org.apache.hadoop.io.retry.RetryInvocationHandler.invoke(RetryInvocationHandler.java:359)
        at com.sun.proxy.$Proxy17.getFileInfo(Unknown Source)
        at org.apache.hadoop.hdfs.DFSClient.getFileInfo(DFSClient.java:1731)
        at org.apache.hadoop.fs.Hdfs.getFileStatus(Hdfs.java:149)
        at org.apache.hadoop.fs.AbstractFileSystem.resolvePath(AbstractFileSystem.java:509)
        at org.apache.hadoop.fs.FileContext$25.next(FileContext.java:2305)
        at org.apache.hadoop.fs.FileContext$25.next(FileContext.java:2301)
        at org.apache.hadoop.fs.FSLinkResolver.resolve(FSLinkResolver.java:90)
        at org.apache.hadoop.fs.FileContext.resolve(FileContext.java:2307)
        at org.apache.hadoop.fs.FileContext.resolvePath(FileContext.java:616)
        at org.apache.spark.deploy.yarn.Client.$anonfun$copyFileToRemote$4(Client.scala:428)
        at scala.collection.mutable.HashMap.getOrElseUpdate(HashMap.scala:86)
        at org.apache.spark.deploy.yarn.Client.copyFileToRemote(Client.scala:426)
        at org.apache.spark.deploy.yarn.Client.distribute$1(Client.scala:508)
        at org.apache.spark.deploy.yarn.Client.prepareLocalResources(Client.scala:625)
        at org.apache.spark.deploy.yarn.Client.createContainerLaunchContext(Client.scala:934)
        at org.apache.spark.deploy.yarn.Client.submitApplication(Client.scala:208)
        at org.apache.spark.scheduler.cluster.YarnClientSchedulerBackend.start(YarnClientSchedulerBackend.scala:62)
        at org.apache.spark.scheduler.TaskSchedulerImpl.start(TaskSchedulerImpl.scala:220)
        at org.apache.spark.SparkContext.<init>(SparkContext.scala:581)
        at org.apache.spark.SparkContext$.getOrCreate(SparkContext.scala:2690)
        at org.apache.spark.sql.SparkSession$Builder.$anonfun$getOrCreate$2(SparkSession.scala:949)
        at scala.Option.getOrElse(Option.scala:189)
        at org.apache.spark.sql.SparkSession$Builder.getOrCreate(SparkSession.scala:943)
        at org.apache.spark.repl.Main$.createSparkSession(Main.scala:106)
        at $line3.$read$$iw$$iw.<init>(<console>:15)
        at $line3.$read$$iw.<init>(<console>:42)
        at $line3.$read.<init>(<console>:44)
        at $line3.$read$.<init>(<console>:48)
        at $line3.$read$.<clinit>(<console>)
        at $line3.$eval$.$print$lzycompute(<console>:7)
        at $line3.$eval$.$print(<console>:6)
        at $line3.$eval.$print(<console>)
        at sun.reflect.NativeMethodAccessorImpl.invoke0(Native Method)
        at sun.reflect.NativeMethodAccessorImpl.invoke(NativeMethodAccessorImpl.java:62)
        at sun.reflect.DelegatingMethodAccessorImpl.invoke(DelegatingMethodAccessorImpl.java:43)
        at java.lang.reflect.Method.invoke(Method.java:498)
        at scala.tools.nsc.interpreter.IMain$ReadEvalPrint.call(IMain.scala:747)
        at scala.tools.nsc.interpreter.IMain$Request.loadAndRun(IMain.scala:1020)
        at scala.tools.nsc.interpreter.IMain.$anonfun$interpret$1(IMain.scala:568)
        at scala.reflect.internal.util.ScalaClassLoader.asContext(ScalaClassLoader.scala:36)
        at scala.reflect.internal.util.ScalaClassLoader.asContext$(ScalaClassLoader.scala:116)
        at scala.reflect.internal.util.AbstractFileClassLoader.asContext(AbstractFileClassLoader.scala:41)
        at scala.tools.nsc.interpreter.IMain.loadAndRunReq$1(IMain.scala:567)
        at scala.tools.nsc.interpreter.IMain.interpret(IMain.scala:594)
        at scala.tools.nsc.interpreter.IMain.interpret(IMain.scala:564)
        at scala.tools.nsc.interpreter.IMain.$anonfun$quietRun$1(IMain.scala:216)
        at scala.tools.nsc.interpreter.IMain.beQuietDuring(IMain.scala:206)
        at scala.tools.nsc.interpreter.IMain.quietRun(IMain.scala:216)
        at org.apache.spark.repl.SparkILoop.$anonfun$initializeSpark$2(SparkILoop.scala:83)
        at scala.collection.immutable.List.foreach(List.scala:431)
        at org.apache.spark.repl.SparkILoop.$anonfun$initializeSpark$1(SparkILoop.scala:83)
        at scala.runtime.java8.JFunction0$mcV$sp.apply(JFunction0$mcV$sp.java:23)
        at scala.tools.nsc.interpreter.ILoop.savingReplayStack(ILoop.scala:97)
        at org.apache.spark.repl.SparkILoop.initializeSpark(SparkILoop.scala:83)
        at org.apache.spark.repl.SparkILoop.$anonfun$process$4(SparkILoop.scala:165)
        at scala.runtime.java8.JFunction0$mcV$sp.apply(JFunction0$mcV$sp.java:23)
        at scala.tools.nsc.interpreter.ILoop.$anonfun$mumly$1(ILoop.scala:166)
        at scala.tools.nsc.interpreter.IMain.beQuietDuring(IMain.scala:206)
        at scala.tools.nsc.interpreter.ILoop.mumly(ILoop.scala:163)
        at org.apache.spark.repl.SparkILoop.loopPostInit$1(SparkILoop.scala:153)
        at org.apache.spark.repl.SparkILoop.$anonfun$process$10(SparkILoop.scala:221)
        at org.apache.spark.repl.SparkILoop.withSuppressedSettings$1(SparkILoop.scala:189)
        at org.apache.spark.repl.SparkILoop.startup$1(SparkILoop.scala:201)
        at org.apache.spark.repl.SparkILoop.process(SparkILoop.scala:236)
        at org.apache.spark.repl.Main$.doMain(Main.scala:78)
        at org.apache.spark.repl.Main$.main(Main.scala:58)
        at org.apache.spark.repl.Main.main(Main.scala)
        at sun.reflect.NativeMethodAccessorImpl.invoke0(Native Method)
        at sun.reflect.NativeMethodAccessorImpl.invoke(NativeMethodAccessorImpl.java:62)
        at sun.reflect.DelegatingMethodAccessorImpl.invoke(DelegatingMethodAccessorImpl.java:43)
        at java.lang.reflect.Method.invoke(Method.java:498)
        at org.apache.spark.deploy.JavaMainApplication.start(SparkApplication.scala:52)
        at org.apache.spark.deploy.SparkSubmit.org$apache$spark$deploy$SparkSubmit$$runMain(SparkSubmit.scala:968)
        at org.apache.spark.deploy.SparkSubmit.doRunMain$1(SparkSubmit.scala:180)
        at org.apache.spark.deploy.SparkSubmit.submit(SparkSubmit.scala:203)
        at org.apache.spark.deploy.SparkSubmit.doSubmit(SparkSubmit.scala:90)
        at org.apache.spark.deploy.SparkSubmit$$anon$2.doSubmit(SparkSubmit.scala:1056)
        at org.apache.spark.deploy.SparkSubmit$.main(SparkSubmit.scala:1065)
        at org.apache.spark.deploy.SparkSubmit.main(SparkSubmit.scala)
Spark context available as 'sc' (master = yarn, app id = application_1790656441704_0124).
Spark session available as 'spark'.
Welcome to
      ____              __
     / __/__  ___ _____/ /__
    _\ \/ _ \/ _ `/ __/  '_/
   /___/ .__/\_,_/_/ /_/\_\   version 3.2.1.3.5.4.1-1
      /_/

Using Scala version 2.12.15 (OpenJDK 64-Bit Server VM, Java 1.8.0_292)
Type in expressions to have them evaluated.
Type :help for more information.

scala> val csvPath = "hdfs:///orc_test/layouts/best_orc/reports/raw/benchmark_hive_h0/hive_results.csv"
csvPath: String = hdfs:///orc_test/layouts/best_orc/reports/raw/benchmark_hive_h0/hive_results.csv

scala> val outPath = "hdfs:///orc_test/layouts/best_orc/reports/raw/benchmark_hive_h0"
outPath: String = hdfs:///orc_test/layouts/best_orc/reports/raw/benchmark_hive_h0

scala> val raw = spark.read.option("header","true").option("inferSchema","true").csv(csvPath)
raw: org.apache.spark.sql.DataFrame = [scenario: string, duration_ms: int ... 9 more fields]

scala> val enriched = raw
enriched: org.apache.spark.sql.DataFrame = [scenario: string, duration_ms: int ... 9 more fields]

scala>   .withColumn("run_id", org.apache.spark.sql.functions.lit(java.util.UUID.randomUUID.toString))
res0: org.apache.spark.sql.DataFrame = [scenario: string, duration_ms: int ... 10 more fields]

scala>   .withColumn("rows_returned", org.apache.spark.sql.functions.lit(0L))
res1: org.apache.spark.sql.DataFrame = [scenario: string, duration_ms: int ... 11 more fields]

scala>   .withColumn("total_rows", org.apache.spark.sql.functions.lit(0L))
res2: org.apache.spark.sql.DataFrame = [scenario: string, duration_ms: int ... 12 more fields]

scala>   .withColumn("selectivity", org.apache.spark.sql.functions.lit(0.0))
res3: org.apache.spark.sql.DataFrame = [scenario: string, duration_ms: int ... 13 more fields]

scala>   .withColumn("bytes_read", org.apache.spark.sql.functions.lit(0L))
res4: org.apache.spark.sql.DataFrame = [scenario: string, duration_ms: int ... 14 more fields]

scala>   .withColumn("records_read", org.apache.spark.sql.functions.lit(0L))
res5: org.apache.spark.sql.DataFrame = [scenario: string, duration_ms: int ... 15 more fields]

scala>   .withColumn("seed", org.apache.spark.sql.functions.lit(42L))
res6: org.apache.spark.sql.DataFrame = [scenario: string, duration_ms: int ... 16 more fields]

scala>   .withColumn("orc_path", org.apache.spark.sql.functions.lit(""))
res7: org.apache.spark.sql.DataFrame = [scenario: string, duration_ms: int ... 17 more fields]

scala>   .withColumn("orc_bloom_columns", org.apache.spark.sql.functions.lit("none"))
res8: org.apache.spark.sql.DataFrame = [scenario: string, duration_ms: int ... 18 more fields]

scala>   .withColumn("executed_at", org.apache.spark.sql.functions.lit(java.time.Instant.now.toString))
res9: org.apache.spark.sql.DataFrame = [scenario: string, duration_ms: int ... 19 more fields]

scala>   .withColumn("spark_version", org.apache.spark.sql.functions.lit("hive"))
res10: org.apache.spark.sql.DataFrame = [scenario: string, duration_ms: int ... 20 more fields]

scala>   .withColumn("spark_runtime", org.apache.spark.sql.functions.lit("hive-tez-llap"))
res11: org.apache.spark.sql.DataFrame = [scenario: string, duration_ms: int ... 21 more fields]

scala>   .withColumn("scan_ratio", org.apache.spark.sql.functions.lit(0.0))
res12: org.apache.spark.sql.DataFrame = [scenario: string, duration_ms: int ... 22 more fields]

scala>   .withColumn("warmup", org.apache.spark.sql.functions.col("warmup").cast("boolean"))
res13: org.apache.spark.sql.DataFrame = [scenario: string, duration_ms: int ... 22 more fields]

scala>   .withColumn("sla_ok", org.apache.spark.sql.functions.col("sla_ok").cast("boolean"))
res14: org.apache.spark.sql.DataFrame = [scenario: string, duration_ms: int ... 22 more fields]

scala>   .withColumn("duration_ms", org.apache.spark.sql.functions.col("duration_ms").cast("long"))
res15: org.apache.spark.sql.DataFrame = [scenario: string, duration_ms: bigint ... 22 more fields]

scala>   .withColumn("run_index", org.apache.spark.sql.functions.col("run_index").cast("int"))
res16: org.apache.spark.sql.DataFrame = [scenario: string, duration_ms: bigint ... 22 more fields]

scala>   .withColumn("sla_threshold_ms", org.apache.spark.sql.functions.col("sla_threshold_ms").cast("long"))
res17: org.apache.spark.sql.DataFrame = [scenario: string, duration_ms: bigint ... 22 more fields]

scala> val measured = enriched.filter(org.apache.spark.sql.functions.col("warmup") === false)
measured: org.apache.spark.sql.Dataset[org.apache.spark.sql.Row] = [scenario: string, duration_ms: int ... 9 more fields]

scala> measured.coalesce(1).write.mode("overwrite").parquet(outPath)
26/10/01 11:03:57 WARN TaskSetManager: Lost task 0.0 in stage 2.0 (TID 2) (omlt-abyss-sdp-datanode-04.opsmon.sbt executor 2): org.apache.spark.SparkException: Task failed while writing rows.
        at org.apache.spark.sql.errors.QueryExecutionErrors$.taskFailedWhileWritingRowsError(QueryExecutionErrors.scala:500)
        at org.apache.spark.sql.execution.datasources.FileFormatWriter$.executeTask(FileFormatWriter.scala:321)
        at org.apache.spark.sql.execution.datasources.FileFormatWriter$.$anonfun$write$16(FileFormatWriter.scala:229)
        at org.apache.spark.scheduler.ResultTask.runTask(ResultTask.scala:90)
        at org.apache.spark.scheduler.Task.run(Task.scala:131)
        at org.apache.spark.executor.Executor$TaskRunner.$anonfun$run$3(Executor.scala:506)
        at org.apache.spark.util.Utils$.tryWithSafeFinally(Utils.scala:1462)
        at org.apache.spark.executor.Executor$TaskRunner.run(Executor.scala:509)
        at java.util.concurrent.ThreadPoolExecutor.runWorker(ThreadPoolExecutor.java:1149)
        at java.util.concurrent.ThreadPoolExecutor$Worker.run(ThreadPoolExecutor.java:624)
        at java.lang.Thread.run(Thread.java:748)
Caused by: java.io.FileNotFoundException:
File does not exist: /orc_test/layouts/best_orc/reports/raw/benchmark_hive_h0/hive_results.csv
        at org.apache.hadoop.hdfs.server.namenode.INodeFile.valueOf(INodeFile.java:86)
        at org.apache.hadoop.hdfs.server.namenode.INodeFile.valueOf(INodeFile.java:76)
        at org.apache.hadoop.hdfs.server.namenode.FSDirStatAndListingOp.getBlockLocations(FSDirStatAndListingOp.java:153)
        at org.apache.hadoop.hdfs.server.namenode.FSNamesystem.getBlockLocations(FSNamesystem.java:1951)
        at org.apache.hadoop.hdfs.server.namenode.NameNodeRpcServer.getBlockLocations(NameNodeRpcServer.java:755)
        at org.apache.hadoop.hdfs.protocolPB.ClientNamenodeProtocolServerSideTranslatorPB.getBlockLocations(ClientNamenodeProtocolServerSideTranslatorPB.java:433)
        at org.apache.hadoop.hdfs.protocol.proto.ClientNamenodeProtocolProtos$ClientNamenodeProtocol$2.callBlockingMethod(ClientNamenodeProtocolProtos.java)
        at org.apache.hadoop.ipc.ProtobufRpcEngine$Server$ProtoBufRpcInvoker.call(ProtobufRpcEngine.java:527)
        at org.apache.hadoop.ipc.RPC$Server.call(RPC.java:1036)
        at org.apache.hadoop.ipc.Server$RpcCall.run(Server.java:1000)
        at org.apache.hadoop.ipc.Server$RpcCall.run(Server.java:928)
        at java.security.AccessController.doPrivileged(Native Method)
        at javax.security.auth.Subject.doAs(Subject.java:422)
        at org.apache.hadoop.security.UserGroupInformation.doAs(UserGroupInformation.java:1729)
        at org.apache.hadoop.ipc.Server$Handler.run(Server.java:2916)


It is possible the underlying files have been updated. You can explicitly invalidate
the cache in Spark by running 'REFRESH TABLE tableName' command in SQL or by
recreating the Dataset/DataFrame involved.

        at org.apache.spark.sql.errors.QueryExecutionErrors$.readCurrentFileNotFoundError(QueryExecutionErrors.scala:506)
        at org.apache.spark.sql.execution.datasources.FileScanRDD$$anon$1.org$apache$spark$sql$execution$datasources$FileScanRDD$$anon$$readCurrentFile(FileScanRDD.scala:130)
        at org.apache.spark.sql.execution.datasources.FileScanRDD$$anon$1.nextIterator(FileScanRDD.scala:187)
        at org.apache.spark.sql.execution.datasources.FileScanRDD$$anon$1.hasNext(FileScanRDD.scala:104)
        at scala.collection.Iterator$$anon$10.hasNext(Iterator.scala:460)
        at org.apache.spark.sql.catalyst.expressions.GeneratedClass$GeneratedIteratorForCodegenStage1.processNext(Unknown Source)
        at org.apache.spark.sql.execution.BufferedRowIterator.hasNext(BufferedRowIterator.java:43)
        at org.apache.spark.sql.execution.WholeStageCodegenExec$$anon$1.hasNext(WholeStageCodegenExec.scala:759)
        at scala.collection.Iterator$$anon$11.hasNext(Iterator.scala:490)
        at org.apache.spark.sql.execution.datasources.FileFormatDataWriter.writeWithIterator(FileFormatDataWriter.scala:91)
        at org.apache.spark.sql.execution.datasources.FileFormatWriter$.$anonfun$executeTask$1(FileFormatWriter.scala:304)
        at org.apache.spark.util.Utils$.tryWithSafeFinallyAndFailureCallbacks(Utils.scala:1496)
        at org.apache.spark.sql.execution.datasources.FileFormatWriter$.executeTask(FileFormatWriter.scala:311)
        ... 9 more

26/10/01 11:03:58 ERROR TaskSetManager: Task 0 in stage 2.0 failed 4 times; aborting job
26/10/01 11:03:58 ERROR FileFormatWriter: Aborting job d80be75d-ece1-46ce-b03f-ac0d2a910549.
org.apache.spark.SparkException: Job aborted due to stage failure: Task 0 in stage 2.0 failed 4 times, most recent failure: Lost task 0.3 in stage 2.0 (TID 5) (omlt-abyss-sdp-datanode-04.opsmon.sbt executor 2): org.apache.spark.SparkException: Task failed while writing rows.
        at org.apache.spark.sql.errors.QueryExecutionErrors$.taskFailedWhileWritingRowsError(QueryExecutionErrors.scala:500)
        at org.apache.spark.sql.execution.datasources.FileFormatWriter$.executeTask(FileFormatWriter.scala:321)
        at org.apache.spark.sql.execution.datasources.FileFormatWriter$.$anonfun$write$16(FileFormatWriter.scala:229)
        at org.apache.spark.scheduler.ResultTask.runTask(ResultTask.scala:90)
        at org.apache.spark.scheduler.Task.run(Task.scala:131)
        at org.apache.spark.executor.Executor$TaskRunner.$anonfun$run$3(Executor.scala:506)
        at org.apache.spark.util.Utils$.tryWithSafeFinally(Utils.scala:1462)
        at org.apache.spark.executor.Executor$TaskRunner.run(Executor.scala:509)
        at java.util.concurrent.ThreadPoolExecutor.runWorker(ThreadPoolExecutor.java:1149)
        at java.util.concurrent.ThreadPoolExecutor$Worker.run(ThreadPoolExecutor.java:624)
        at java.lang.Thread.run(Thread.java:748)
Caused by: java.io.FileNotFoundException:
File does not exist: /orc_test/layouts/best_orc/reports/raw/benchmark_hive_h0/hive_results.csv
        at org.apache.hadoop.hdfs.server.namenode.INodeFile.valueOf(INodeFile.java:86)
        at org.apache.hadoop.hdfs.server.namenode.INodeFile.valueOf(INodeFile.java:76)
        at org.apache.hadoop.hdfs.server.namenode.FSDirStatAndListingOp.getBlockLocations(FSDirStatAndListingOp.java:153)
        at org.apache.hadoop.hdfs.server.namenode.FSNamesystem.getBlockLocations(FSNamesystem.java:1951)
        at org.apache.hadoop.hdfs.server.namenode.NameNodeRpcServer.getBlockLocations(NameNodeRpcServer.java:755)
        at org.apache.hadoop.hdfs.protocolPB.ClientNamenodeProtocolServerSideTranslatorPB.getBlockLocations(ClientNamenodeProtocolServerSideTranslatorPB.java:433)
        at org.apache.hadoop.hdfs.protocol.proto.ClientNamenodeProtocolProtos$ClientNamenodeProtocol$2.callBlockingMethod(ClientNamenodeProtocolProtos.java)
        at org.apache.hadoop.ipc.ProtobufRpcEngine$Server$ProtoBufRpcInvoker.call(ProtobufRpcEngine.java:527)
        at org.apache.hadoop.ipc.RPC$Server.call(RPC.java:1036)
        at org.apache.hadoop.ipc.Server$RpcCall.run(Server.java:1000)
        at org.apache.hadoop.ipc.Server$RpcCall.run(Server.java:928)
        at java.security.AccessController.doPrivileged(Native Method)
        at javax.security.auth.Subject.doAs(Subject.java:422)
        at org.apache.hadoop.security.UserGroupInformation.doAs(UserGroupInformation.java:1729)
        at org.apache.hadoop.ipc.Server$Handler.run(Server.java:2916)


It is possible the underlying files have been updated. You can explicitly invalidate
the cache in Spark by running 'REFRESH TABLE tableName' command in SQL or by
recreating the Dataset/DataFrame involved.

        at org.apache.spark.sql.errors.QueryExecutionErrors$.readCurrentFileNotFoundError(QueryExecutionErrors.scala:506)
        at org.apache.spark.sql.execution.datasources.FileScanRDD$$anon$1.org$apache$spark$sql$execution$datasources$FileScanRDD$$anon$$readCurrentFile(FileScanRDD.scala:130)
        at org.apache.spark.sql.execution.datasources.FileScanRDD$$anon$1.nextIterator(FileScanRDD.scala:187)
        at org.apache.spark.sql.execution.datasources.FileScanRDD$$anon$1.hasNext(FileScanRDD.scala:104)
        at scala.collection.Iterator$$anon$10.hasNext(Iterator.scala:460)
        at org.apache.spark.sql.catalyst.expressions.GeneratedClass$GeneratedIteratorForCodegenStage1.processNext(Unknown Source)
        at org.apache.spark.sql.execution.BufferedRowIterator.hasNext(BufferedRowIterator.java:43)
        at org.apache.spark.sql.execution.WholeStageCodegenExec$$anon$1.hasNext(WholeStageCodegenExec.scala:759)
        at scala.collection.Iterator$$anon$11.hasNext(Iterator.scala:490)
        at org.apache.spark.sql.execution.datasources.FileFormatDataWriter.writeWithIterator(FileFormatDataWriter.scala:91)
        at org.apache.spark.sql.execution.datasources.FileFormatWriter$.$anonfun$executeTask$1(FileFormatWriter.scala:304)
        at org.apache.spark.util.Utils$.tryWithSafeFinallyAndFailureCallbacks(Utils.scala:1496)
        at org.apache.spark.sql.execution.datasources.FileFormatWriter$.executeTask(FileFormatWriter.scala:311)
        ... 9 more

Driver stacktrace:
        at org.apache.spark.scheduler.DAGScheduler.failJobAndIndependentStages(DAGScheduler.scala:2454)
        at org.apache.spark.scheduler.DAGScheduler.$anonfun$abortStage$2(DAGScheduler.scala:2403)
        at org.apache.spark.scheduler.DAGScheduler.$anonfun$abortStage$2$adapted(DAGScheduler.scala:2402)
        at scala.collection.mutable.ResizableArray.foreach(ResizableArray.scala:62)
        at scala.collection.mutable.ResizableArray.foreach$(ResizableArray.scala:55)
        at scala.collection.mutable.ArrayBuffer.foreach(ArrayBuffer.scala:49)
        at org.apache.spark.scheduler.DAGScheduler.abortStage(DAGScheduler.scala:2402)
        at org.apache.spark.scheduler.DAGScheduler.$anonfun$handleTaskSetFailed$1(DAGScheduler.scala:1160)
        at org.apache.spark.scheduler.DAGScheduler.$anonfun$handleTaskSetFailed$1$adapted(DAGScheduler.scala:1160)
        at scala.Option.foreach(Option.scala:407)
        at org.apache.spark.scheduler.DAGScheduler.handleTaskSetFailed(DAGScheduler.scala:1160)
        at org.apache.spark.scheduler.DAGSchedulerEventProcessLoop.doOnReceive(DAGScheduler.scala:2642)
        at org.apache.spark.scheduler.DAGSchedulerEventProcessLoop.onReceive(DAGScheduler.scala:2584)
        at org.apache.spark.scheduler.DAGSchedulerEventProcessLoop.onReceive(DAGScheduler.scala:2573)
        at org.apache.spark.util.EventLoop$$anon$1.run(EventLoop.scala:49)
        at org.apache.spark.scheduler.DAGScheduler.runJob(DAGScheduler.scala:938)
        at org.apache.spark.SparkContext.runJob(SparkContext.scala:2214)
        at org.apache.spark.sql.execution.datasources.FileFormatWriter$.write(FileFormatWriter.scala:218)
        at org.apache.spark.sql.execution.datasources.InsertIntoHadoopFsRelationCommand.run(InsertIntoHadoopFsRelationCommand.scala:186)
        at org.apache.spark.sql.execution.command.DataWritingCommandExec.sideEffectResult$lzycompute(commands.scala:113)
        at org.apache.spark.sql.execution.command.DataWritingCommandExec.sideEffectResult(commands.scala:111)
        at org.apache.spark.sql.execution.command.DataWritingCommandExec.executeCollect(commands.scala:125)
        at org.apache.spark.sql.execution.QueryExecution$$anonfun$eagerlyExecuteCommands$1.$anonfun$applyOrElse$1(QueryExecution.scala:110)
        at org.apache.spark.sql.execution.SQLExecution$.$anonfun$withNewExecutionId$5(SQLExecution.scala:103)
        at org.apache.spark.sql.execution.SQLExecution$.withSQLConfPropagated(SQLExecution.scala:163)
        at org.apache.spark.sql.execution.SQLExecution$.$anonfun$withNewExecutionId$1(SQLExecution.scala:90)
        at org.apache.spark.sql.SparkSession.withActive(SparkSession.scala:775)
        at org.apache.spark.sql.execution.SQLExecution$.withNewExecutionId(SQLExecution.scala:64)
        at org.apache.spark.sql.execution.QueryExecution$$anonfun$eagerlyExecuteCommands$1.applyOrElse(QueryExecution.scala:110)
        at org.apache.spark.sql.execution.QueryExecution$$anonfun$eagerlyExecuteCommands$1.applyOrElse(QueryExecution.scala:106)
        at org.apache.spark.sql.catalyst.trees.TreeNode.$anonfun$transformDownWithPruning$1(TreeNode.scala:481)
        at org.apache.spark.sql.catalyst.trees.CurrentOrigin$.withOrigin(TreeNode.scala:82)
        at org.apache.spark.sql.catalyst.trees.TreeNode.transformDownWithPruning(TreeNode.scala:481)
        at org.apache.spark.sql.catalyst.plans.logical.LogicalPlan.org$apache$spark$sql$catalyst$plans$logical$AnalysisHelper$$super$transformDownWithPruning(LogicalPlan.scala:30)
        at org.apache.spark.sql.catalyst.plans.logical.AnalysisHelper.transformDownWithPruning(AnalysisHelper.scala:267)
        at org.apache.spark.sql.catalyst.plans.logical.AnalysisHelper.transformDownWithPruning$(AnalysisHelper.scala:263)
        at org.apache.spark.sql.catalyst.plans.logical.LogicalPlan.transformDownWithPruning(LogicalPlan.scala:30)
        at org.apache.spark.sql.catalyst.plans.logical.LogicalPlan.transformDownWithPruning(LogicalPlan.scala:30)
        at org.apache.spark.sql.catalyst.trees.TreeNode.transformDown(TreeNode.scala:457)
        at org.apache.spark.sql.execution.QueryExecution.eagerlyExecuteCommands(QueryExecution.scala:106)
        at org.apache.spark.sql.execution.QueryExecution.commandExecuted$lzycompute(QueryExecution.scala:93)
        at org.apache.spark.sql.execution.QueryExecution.commandExecuted(QueryExecution.scala:91)
        at org.apache.spark.sql.execution.QueryExecution.assertCommandExecuted(QueryExecution.scala:128)
        at org.apache.spark.sql.DataFrameWriter.runCommand(DataFrameWriter.scala:848)
        at org.apache.spark.sql.DataFrameWriter.saveToV1Source(DataFrameWriter.scala:382)
        at org.apache.spark.sql.DataFrameWriter.saveInternal(DataFrameWriter.scala:355)
        at org.apache.spark.sql.DataFrameWriter.save(DataFrameWriter.scala:239)
        at org.apache.spark.sql.DataFrameWriter.parquet(DataFrameWriter.scala:781)
        at $line37.$read$$iw$$iw$$iw$$iw$$iw$$iw$$iw$$iw.<init>(<console>:25)
        at $line37.$read$$iw$$iw$$iw$$iw$$iw$$iw$$iw.<init>(<console>:29)
        at $line37.$read$$iw$$iw$$iw$$iw$$iw$$iw.<init>(<console>:31)
        at $line37.$read$$iw$$iw$$iw$$iw$$iw.<init>(<console>:33)
        at $line37.$read$$iw$$iw$$iw$$iw.<init>(<console>:35)
        at $line37.$read$$iw$$iw$$iw.<init>(<console>:37)
        at $line37.$read$$iw$$iw.<init>(<console>:39)
        at $line37.$read$$iw.<init>(<console>:41)
        at $line37.$read.<init>(<console>:43)
        at $line37.$read$.<init>(<console>:47)
        at $line37.$read$.<clinit>(<console>)
        at $line37.$eval$.$print$lzycompute(<console>:7)
        at $line37.$eval$.$print(<console>:6)
        at $line37.$eval.$print(<console>)
        at sun.reflect.NativeMethodAccessorImpl.invoke0(Native Method)
        at sun.reflect.NativeMethodAccessorImpl.invoke(NativeMethodAccessorImpl.java:62)
        at sun.reflect.DelegatingMethodAccessorImpl.invoke(DelegatingMethodAccessorImpl.java:43)
        at java.lang.reflect.Method.invoke(Method.java:498)
        at scala.tools.nsc.interpreter.IMain$ReadEvalPrint.call(IMain.scala:747)
        at scala.tools.nsc.interpreter.IMain$Request.loadAndRun(IMain.scala:1020)
        at scala.tools.nsc.interpreter.IMain.$anonfun$interpret$1(IMain.scala:568)
        at scala.reflect.internal.util.ScalaClassLoader.asContext(ScalaClassLoader.scala:36)
        at scala.reflect.internal.util.ScalaClassLoader.asContext$(ScalaClassLoader.scala:116)
        at scala.reflect.internal.util.AbstractFileClassLoader.asContext(AbstractFileClassLoader.scala:41)
        at scala.tools.nsc.interpreter.IMain.loadAndRunReq$1(IMain.scala:567)
        at scala.tools.nsc.interpreter.IMain.interpret(IMain.scala:594)
        at scala.tools.nsc.interpreter.IMain.interpret(IMain.scala:564)
        at scala.tools.nsc.interpreter.ILoop.interpretStartingWith(ILoop.scala:865)
        at scala.tools.nsc.interpreter.ILoop.command(ILoop.scala:733)
        at scala.tools.nsc.interpreter.ILoop.processLine(ILoop.scala:435)
        at scala.tools.nsc.interpreter.ILoop.loop(ILoop.scala:456)
        at org.apache.spark.repl.SparkILoop.process(SparkILoop.scala:239)
        at org.apache.spark.repl.Main$.doMain(Main.scala:78)
        at org.apache.spark.repl.Main$.main(Main.scala:58)
        at org.apache.spark.repl.Main.main(Main.scala)
        at sun.reflect.NativeMethodAccessorImpl.invoke0(Native Method)
        at sun.reflect.NativeMethodAccessorImpl.invoke(NativeMethodAccessorImpl.java:62)
        at sun.reflect.DelegatingMethodAccessorImpl.invoke(DelegatingMethodAccessorImpl.java:43)
        at java.lang.reflect.Method.invoke(Method.java:498)
        at org.apache.spark.deploy.JavaMainApplication.start(SparkApplication.scala:52)
        at org.apache.spark.deploy.SparkSubmit.org$apache$spark$deploy$SparkSubmit$$runMain(SparkSubmit.scala:968)
        at org.apache.spark.deploy.SparkSubmit.doRunMain$1(SparkSubmit.scala:180)
        at org.apache.spark.deploy.SparkSubmit.submit(SparkSubmit.scala:203)
        at org.apache.spark.deploy.SparkSubmit.doSubmit(SparkSubmit.scala:90)
        at org.apache.spark.deploy.SparkSubmit$$anon$2.doSubmit(SparkSubmit.scala:1056)
        at org.apache.spark.deploy.SparkSubmit$.main(SparkSubmit.scala:1065)
        at org.apache.spark.deploy.SparkSubmit.main(SparkSubmit.scala)
Caused by: org.apache.spark.SparkException: Task failed while writing rows.
        at org.apache.spark.sql.errors.QueryExecutionErrors$.taskFailedWhileWritingRowsError(QueryExecutionErrors.scala:500)
        at org.apache.spark.sql.execution.datasources.FileFormatWriter$.executeTask(FileFormatWriter.scala:321)
        at org.apache.spark.sql.execution.datasources.FileFormatWriter$.$anonfun$write$16(FileFormatWriter.scala:229)
        at org.apache.spark.scheduler.ResultTask.runTask(ResultTask.scala:90)
        at org.apache.spark.scheduler.Task.run(Task.scala:131)
        at org.apache.spark.executor.Executor$TaskRunner.$anonfun$run$3(Executor.scala:506)
        at org.apache.spark.util.Utils$.tryWithSafeFinally(Utils.scala:1462)
        at org.apache.spark.executor.Executor$TaskRunner.run(Executor.scala:509)
        at java.util.concurrent.ThreadPoolExecutor.runWorker(ThreadPoolExecutor.java:1149)
        at java.util.concurrent.ThreadPoolExecutor$Worker.run(ThreadPoolExecutor.java:624)
        at java.lang.Thread.run(Thread.java:748)
Caused by: java.io.FileNotFoundException:
File does not exist: /orc_test/layouts/best_orc/reports/raw/benchmark_hive_h0/hive_results.csv
        at org.apache.hadoop.hdfs.server.namenode.INodeFile.valueOf(INodeFile.java:86)
        at org.apache.hadoop.hdfs.server.namenode.INodeFile.valueOf(INodeFile.java:76)
        at org.apache.hadoop.hdfs.server.namenode.FSDirStatAndListingOp.getBlockLocations(FSDirStatAndListingOp.java:153)
        at org.apache.hadoop.hdfs.server.namenode.FSNamesystem.getBlockLocations(FSNamesystem.java:1951)
        at org.apache.hadoop.hdfs.server.namenode.NameNodeRpcServer.getBlockLocations(NameNodeRpcServer.java:755)
        at org.apache.hadoop.hdfs.protocolPB.ClientNamenodeProtocolServerSideTranslatorPB.getBlockLocations(ClientNamenodeProtocolServerSideTranslatorPB.java:433)
        at org.apache.hadoop.hdfs.protocol.proto.ClientNamenodeProtocolProtos$ClientNamenodeProtocol$2.callBlockingMethod(ClientNamenodeProtocolProtos.java)
        at org.apache.hadoop.ipc.ProtobufRpcEngine$Server$ProtoBufRpcInvoker.call(ProtobufRpcEngine.java:527)
        at org.apache.hadoop.ipc.RPC$Server.call(RPC.java:1036)
        at org.apache.hadoop.ipc.Server$RpcCall.run(Server.java:1000)
        at org.apache.hadoop.ipc.Server$RpcCall.run(Server.java:928)
        at java.security.AccessController.doPrivileged(Native Method)
        at javax.security.auth.Subject.doAs(Subject.java:422)
        at org.apache.hadoop.security.UserGroupInformation.doAs(UserGroupInformation.java:1729)
        at org.apache.hadoop.ipc.Server$Handler.run(Server.java:2916)


It is possible the underlying files have been updated. You can explicitly invalidate
the cache in Spark by running 'REFRESH TABLE tableName' command in SQL or by
recreating the Dataset/DataFrame involved.

        at org.apache.spark.sql.errors.QueryExecutionErrors$.readCurrentFileNotFoundError(QueryExecutionErrors.scala:506)
        at org.apache.spark.sql.execution.datasources.FileScanRDD$$anon$1.org$apache$spark$sql$execution$datasources$FileScanRDD$$anon$$readCurrentFile(FileScanRDD.scala:130)
        at org.apache.spark.sql.execution.datasources.FileScanRDD$$anon$1.nextIterator(FileScanRDD.scala:187)
        at org.apache.spark.sql.execution.datasources.FileScanRDD$$anon$1.hasNext(FileScanRDD.scala:104)
        at scala.collection.Iterator$$anon$10.hasNext(Iterator.scala:460)
        at org.apache.spark.sql.catalyst.expressions.GeneratedClass$GeneratedIteratorForCodegenStage1.processNext(Unknown Source)
        at org.apache.spark.sql.execution.BufferedRowIterator.hasNext(BufferedRowIterator.java:43)
        at org.apache.spark.sql.execution.WholeStageCodegenExec$$anon$1.hasNext(WholeStageCodegenExec.scala:759)
        at scala.collection.Iterator$$anon$11.hasNext(Iterator.scala:490)
        at org.apache.spark.sql.execution.datasources.FileFormatDataWriter.writeWithIterator(FileFormatDataWriter.scala:91)
        at org.apache.spark.sql.execution.datasources.FileFormatWriter$.$anonfun$executeTask$1(FileFormatWriter.scala:304)
        at org.apache.spark.util.Utils$.tryWithSafeFinallyAndFailureCallbacks(Utils.scala:1496)
        at org.apache.spark.sql.execution.datasources.FileFormatWriter$.executeTask(FileFormatWriter.scala:311)
        ... 9 more
org.apache.spark.SparkException: Job aborted.
  at org.apache.spark.sql.errors.QueryExecutionErrors$.jobAbortedError(QueryExecutionErrors.scala:496)
  at org.apache.spark.sql.execution.datasources.FileFormatWriter$.write(FileFormatWriter.scala:251)
  at org.apache.spark.sql.execution.datasources.InsertIntoHadoopFsRelationCommand.run(InsertIntoHadoopFsRelationCommand.scala:186)
  at org.apache.spark.sql.execution.command.DataWritingCommandExec.sideEffectResult$lzycompute(commands.scala:113)
  at org.apache.spark.sql.execution.command.DataWritingCommandExec.sideEffectResult(commands.scala:111)
  at org.apache.spark.sql.execution.command.DataWritingCommandExec.executeCollect(commands.scala:125)
  at org.apache.spark.sql.execution.QueryExecution$$anonfun$eagerlyExecuteCommands$1.$anonfun$applyOrElse$1(QueryExecution.scala:110)
  at org.apache.spark.sql.execution.SQLExecution$.$anonfun$withNewExecutionId$5(SQLExecution.scala:103)
  at org.apache.spark.sql.execution.SQLExecution$.withSQLConfPropagated(SQLExecution.scala:163)
  at org.apache.spark.sql.execution.SQLExecution$.$anonfun$withNewExecutionId$1(SQLExecution.scala:90)
  at org.apache.spark.sql.SparkSession.withActive(SparkSession.scala:775)
  at org.apache.spark.sql.execution.SQLExecution$.withNewExecutionId(SQLExecution.scala:64)
  at org.apache.spark.sql.execution.QueryExecution$$anonfun$eagerlyExecuteCommands$1.applyOrElse(QueryExecution.scala:110)
  at org.apache.spark.sql.execution.QueryExecution$$anonfun$eagerlyExecuteCommands$1.applyOrElse(QueryExecution.scala:106)
  at org.apache.spark.sql.catalyst.trees.TreeNode.$anonfun$transformDownWithPruning$1(TreeNode.scala:481)
  at org.apache.spark.sql.catalyst.trees.CurrentOrigin$.withOrigin(TreeNode.scala:82)
  at org.apache.spark.sql.catalyst.trees.TreeNode.transformDownWithPruning(TreeNode.scala:481)
  at org.apache.spark.sql.catalyst.plans.logical.LogicalPlan.org$apache$spark$sql$catalyst$plans$logical$AnalysisHelper$$super$transformDownWithPruning(LogicalPlan.scala:30)
  at org.apache.spark.sql.catalyst.plans.logical.AnalysisHelper.transformDownWithPruning(AnalysisHelper.scala:267)
  at org.apache.spark.sql.catalyst.plans.logical.AnalysisHelper.transformDownWithPruning$(AnalysisHelper.scala:263)
  at org.apache.spark.sql.catalyst.plans.logical.LogicalPlan.transformDownWithPruning(LogicalPlan.scala:30)
  at org.apache.spark.sql.catalyst.plans.logical.LogicalPlan.transformDownWithPruning(LogicalPlan.scala:30)
  at org.apache.spark.sql.catalyst.trees.TreeNode.transformDown(TreeNode.scala:457)
  at org.apache.spark.sql.execution.QueryExecution.eagerlyExecuteCommands(QueryExecution.scala:106)
  at org.apache.spark.sql.execution.QueryExecution.commandExecuted$lzycompute(QueryExecution.scala:93)
  at org.apache.spark.sql.execution.QueryExecution.commandExecuted(QueryExecution.scala:91)
  at org.apache.spark.sql.execution.QueryExecution.assertCommandExecuted(QueryExecution.scala:128)
  at org.apache.spark.sql.DataFrameWriter.runCommand(DataFrameWriter.scala:848)
  at org.apache.spark.sql.DataFrameWriter.saveToV1Source(DataFrameWriter.scala:382)
  at org.apache.spark.sql.DataFrameWriter.saveInternal(DataFrameWriter.scala:355)
  at org.apache.spark.sql.DataFrameWriter.save(DataFrameWriter.scala:239)
  at org.apache.spark.sql.DataFrameWriter.parquet(DataFrameWriter.scala:781)
  ... 47 elided
Caused by: org.apache.spark.SparkException: Job aborted due to stage failure: Task 0 in stage 2.0 failed 4 times, most recent failure: Lost task 0.3 in stage 2.0 (TID 5) (omlt-abyss-sdp-datanode-04.opsmon.sbt executor 2): org.apache.spark.SparkException: Task failed while writing rows.
        at org.apache.spark.sql.errors.QueryExecutionErrors$.taskFailedWhileWritingRowsError(QueryExecutionErrors.scala:500)
        at org.apache.spark.sql.execution.datasources.FileFormatWriter$.executeTask(FileFormatWriter.scala:321)
        at org.apache.spark.sql.execution.datasources.FileFormatWriter$.$anonfun$write$16(FileFormatWriter.scala:229)
        at org.apache.spark.scheduler.ResultTask.runTask(ResultTask.scala:90)
        at org.apache.spark.scheduler.Task.run(Task.scala:131)
        at org.apache.spark.executor.Executor$TaskRunner.$anonfun$run$3(Executor.scala:506)
        at org.apache.spark.util.Utils$.tryWithSafeFinally(Utils.scala:1462)
        at org.apache.spark.executor.Executor$TaskRunner.run(Executor.scala:509)
        at java.util.concurrent.ThreadPoolExecutor.runWorker(ThreadPoolExecutor.java:1149)
        at java.util.concurrent.ThreadPoolExecutor$Worker.run(ThreadPoolExecutor.java:624)
        at java.lang.Thread.run(Thread.java:748)
Caused by: java.io.FileNotFoundException:
File does not exist: /orc_test/layouts/best_orc/reports/raw/benchmark_hive_h0/hive_results.csv
        at org.apache.hadoop.hdfs.server.namenode.INodeFile.valueOf(INodeFile.java:86)
        at org.apache.hadoop.hdfs.server.namenode.INodeFile.valueOf(INodeFile.java:76)
        at org.apache.hadoop.hdfs.server.namenode.FSDirStatAndListingOp.getBlockLocations(FSDirStatAndListingOp.java:153)
        at org.apache.hadoop.hdfs.server.namenode.FSNamesystem.getBlockLocations(FSNamesystem.java:1951)
        at org.apache.hadoop.hdfs.server.namenode.NameNodeRpcServer.getBlockLocations(NameNodeRpcServer.java:755)
        at org.apache.hadoop.hdfs.protocolPB.ClientNamenodeProtocolServerSideTranslatorPB.getBlockLocations(ClientNamenodeProtocolServerSideTranslatorPB.java:433)
        at org.apache.hadoop.hdfs.protocol.proto.ClientNamenodeProtocolProtos$ClientNamenodeProtocol$2.callBlockingMethod(ClientNamenodeProtocolProtos.java)
        at org.apache.hadoop.ipc.ProtobufRpcEngine$Server$ProtoBufRpcInvoker.call(ProtobufRpcEngine.java:527)
        at org.apache.hadoop.ipc.RPC$Server.call(RPC.java:1036)
        at org.apache.hadoop.ipc.Server$RpcCall.run(Server.java:1000)
        at org.apache.hadoop.ipc.Server$RpcCall.run(Server.java:928)
        at java.security.AccessController.doPrivileged(Native Method)
        at javax.security.auth.Subject.doAs(Subject.java:422)
        at org.apache.hadoop.security.UserGroupInformation.doAs(UserGroupInformation.java:1729)
        at org.apache.hadoop.ipc.Server$Handler.run(Server.java:2916)


It is possible the underlying files have been updated. You can explicitly invalidate
the cache in Spark by running 'REFRESH TABLE tableName' command in SQL or by
recreating the Dataset/DataFrame involved.

        at org.apache.spark.sql.errors.QueryExecutionErrors$.readCurrentFileNotFoundError(QueryExecutionErrors.scala:506)
        at org.apache.spark.sql.execution.datasources.FileScanRDD$$anon$1.org$apache$spark$sql$execution$datasources$FileScanRDD$$anon$$readCurrentFile(FileScanRDD.scala:130)
        at org.apache.spark.sql.execution.datasources.FileScanRDD$$anon$1.nextIterator(FileScanRDD.scala:187)
        at org.apache.spark.sql.execution.datasources.FileScanRDD$$anon$1.hasNext(FileScanRDD.scala:104)
        at scala.collection.Iterator$$anon$10.hasNext(Iterator.scala:460)
        at org.apache.spark.sql.catalyst.expressions.GeneratedClass$GeneratedIteratorForCodegenStage1.processNext(Unknown Source)
        at org.apache.spark.sql.execution.BufferedRowIterator.hasNext(BufferedRowIterator.java:43)
        at org.apache.spark.sql.execution.WholeStageCodegenExec$$anon$1.hasNext(WholeStageCodegenExec.scala:759)
        at scala.collection.Iterator$$anon$11.hasNext(Iterator.scala:490)
        at org.apache.spark.sql.execution.datasources.FileFormatDataWriter.writeWithIterator(FileFormatDataWriter.scala:91)
        at org.apache.spark.sql.execution.datasources.FileFormatWriter$.$anonfun$executeTask$1(FileFormatWriter.scala:304)
        at org.apache.spark.util.Utils$.tryWithSafeFinallyAndFailureCallbacks(Utils.scala:1496)
        at org.apache.spark.sql.execution.datasources.FileFormatWriter$.executeTask(FileFormatWriter.scala:311)
        ... 9 more

Driver stacktrace:
  at org.apache.spark.scheduler.DAGScheduler.failJobAndIndependentStages(DAGScheduler.scala:2454)
  at org.apache.spark.scheduler.DAGScheduler.$anonfun$abortStage$2(DAGScheduler.scala:2403)
  at org.apache.spark.scheduler.DAGScheduler.$anonfun$abortStage$2$adapted(DAGScheduler.scala:2402)
  at scala.collection.mutable.ResizableArray.foreach(ResizableArray.scala:62)
  at scala.collection.mutable.ResizableArray.foreach$(ResizableArray.scala:55)
  at scala.collection.mutable.ArrayBuffer.foreach(ArrayBuffer.scala:49)
  at org.apache.spark.scheduler.DAGScheduler.abortStage(DAGScheduler.scala:2402)
  at org.apache.spark.scheduler.DAGScheduler.$anonfun$handleTaskSetFailed$1(DAGScheduler.scala:1160)
  at org.apache.spark.scheduler.DAGScheduler.$anonfun$handleTaskSetFailed$1$adapted(DAGScheduler.scala:1160)
  at scala.Option.foreach(Option.scala:407)
  at org.apache.spark.scheduler.DAGScheduler.handleTaskSetFailed(DAGScheduler.scala:1160)
  at org.apache.spark.scheduler.DAGSchedulerEventProcessLoop.doOnReceive(DAGScheduler.scala:2642)
  at org.apache.spark.scheduler.DAGSchedulerEventProcessLoop.onReceive(DAGScheduler.scala:2584)
  at org.apache.spark.scheduler.DAGSchedulerEventProcessLoop.onReceive(DAGScheduler.scala:2573)
  at org.apache.spark.util.EventLoop$$anon$1.run(EventLoop.scala:49)
  at org.apache.spark.scheduler.DAGScheduler.runJob(DAGScheduler.scala:938)
  at org.apache.spark.SparkContext.runJob(SparkContext.scala:2214)
  at org.apache.spark.sql.execution.datasources.FileFormatWriter$.write(FileFormatWriter.scala:218)
  ... 77 more
Caused by: org.apache.spark.SparkException: Task failed while writing rows.
  at org.apache.spark.sql.errors.QueryExecutionErrors$.taskFailedWhileWritingRowsError(QueryExecutionErrors.scala:500)
  at org.apache.spark.sql.execution.datasources.FileFormatWriter$.executeTask(FileFormatWriter.scala:321)
  at org.apache.spark.sql.execution.datasources.FileFormatWriter$.$anonfun$write$16(FileFormatWriter.scala:229)
  at org.apache.spark.scheduler.ResultTask.runTask(ResultTask.scala:90)
  at org.apache.spark.scheduler.Task.run(Task.scala:131)
  at org.apache.spark.executor.Executor$TaskRunner.$anonfun$run$3(Executor.scala:506)
  at org.apache.spark.util.Utils$.tryWithSafeFinally(Utils.scala:1462)
  at org.apache.spark.executor.Executor$TaskRunner.run(Executor.scala:509)
  at java.util.concurrent.ThreadPoolExecutor.runWorker(ThreadPoolExecutor.java:1149)
  at java.util.concurrent.ThreadPoolExecutor$Worker.run(ThreadPoolExecutor.java:624)
  at java.lang.Thread.run(Thread.java:748)
Caused by: java.io.FileNotFoundException:
File does not exist: /orc_test/layouts/best_orc/reports/raw/benchmark_hive_h0/hive_results.csv
        at org.apache.hadoop.hdfs.server.namenode.INodeFile.valueOf(INodeFile.java:86)
        at org.apache.hadoop.hdfs.server.namenode.INodeFile.valueOf(INodeFile.java:76)
        at org.apache.hadoop.hdfs.server.namenode.FSDirStatAndListingOp.getBlockLocations(FSDirStatAndListingOp.java:153)
        at org.apache.hadoop.hdfs.server.namenode.FSNamesystem.getBlockLocations(FSNamesystem.java:1951)
        at org.apache.hadoop.hdfs.server.namenode.NameNodeRpcServer.getBlockLocations(NameNodeRpcServer.java:755)
        at org.apache.hadoop.hdfs.protocolPB.ClientNamenodeProtocolServerSideTranslatorPB.getBlockLocations(ClientNamenodeProtocolServerSideTranslatorPB.java:433)
        at org.apache.hadoop.hdfs.protocol.proto.ClientNamenodeProtocolProtos$ClientNamenodeProtocol$2.callBlockingMethod(ClientNamenodeProtocolProtos.java)
        at org.apache.hadoop.ipc.ProtobufRpcEngine$Server$ProtoBufRpcInvoker.call(ProtobufRpcEngine.java:527)
        at org.apache.hadoop.ipc.RPC$Server.call(RPC.java:1036)
        at org.apache.hadoop.ipc.Server$RpcCall.run(Server.java:1000)
        at org.apache.hadoop.ipc.Server$RpcCall.run(Server.java:928)
        at java.security.AccessController.doPrivileged(Native Method)
        at javax.security.auth.Subject.doAs(Subject.java:422)
        at org.apache.hadoop.security.UserGroupInformation.doAs(UserGroupInformation.java:1729)
        at org.apache.hadoop.ipc.Server$Handler.run(Server.java:2916)


It is possible the underlying files have been updated. You can explicitly invalidate
the cache in Spark by running 'REFRESH TABLE tableName' command in SQL or by
recreating the Dataset/DataFrame involved.

  at org.apache.spark.sql.errors.QueryExecutionErrors$.readCurrentFileNotFoundError(QueryExecutionErrors.scala:506)
  at org.apache.spark.sql.execution.datasources.FileScanRDD$$anon$1.org$apache$spark$sql$execution$datasources$FileScanRDD$$anon$$readCurrentFile(FileScanRDD.scala:130)
  at org.apache.spark.sql.execution.datasources.FileScanRDD$$anon$1.nextIterator(FileScanRDD.scala:187)
  at org.apache.spark.sql.execution.datasources.FileScanRDD$$anon$1.hasNext(FileScanRDD.scala:104)
  at scala.collection.Iterator$$anon$10.hasNext(Iterator.scala:460)
  at org.apache.spark.sql.catalyst.expressions.GeneratedClass$GeneratedIteratorForCodegenStage1.processNext(Unknown Source)
  at org.apache.spark.sql.execution.BufferedRowIterator.hasNext(BufferedRowIterator.java:43)
  at org.apache.spark.sql.execution.WholeStageCodegenExec$$anon$1.hasNext(WholeStageCodegenExec.scala:759)
  at scala.collection.Iterator$$anon$11.hasNext(Iterator.scala:490)
  at org.apache.spark.sql.execution.datasources.FileFormatDataWriter.writeWithIterator(FileFormatDataWriter.scala:91)
  at org.apache.spark.sql.execution.datasources.FileFormatWriter$.$anonfun$executeTask$1(FileFormatWriter.scala:304)
  at org.apache.spark.util.Utils$.tryWithSafeFinallyAndFailureCallbacks(Utils.scala:1496)
  at org.apache.spark.sql.execution.datasources.FileFormatWriter$.executeTask(FileFormatWriter.scala:311)
  ... 9 more

scala> System.exit(0)
26/10/01 11:03:59 WARN NioEventLoop: Selector.select() returned prematurely 512 times in a row; rebuilding Selector io.netty.channel.nio.SelectedSelectionKeySetSelector@be79137.
26/10/01 11:03:59 WARN NioEventLoop: Selector.select() returned prematurely 512 times in a row; rebuilding Selector io.netty.channel.nio.SelectedSelectionKeySetSelector@515a6a69.
Ingested Hive CSV → hdfs:///orc_test/layouts/best_orc/reports/raw/benchmark_hive_h0
Hive profile h0 complete.
